#
# There is insufficient memory for the Java Runtime Environment to continue.
# Native memory allocation (malloc) failed to allocate 1252608 bytes. Error detail: Chunk::new
# Possible reasons:
#   The system is out of physical RAM or swap space
#   This process is running with CompressedOops enabled, and the Java Heap may be blocking the growth of the native heap
# Possible solutions:
#   Reduce memory load on the system
#   Increase physical memory or swap space
#   Check if swap backing store is full
#   Decrease Java heap size (-Xmx/-Xms)
#   Decrease number of Java threads
#   Decrease Java thread stack sizes (-Xss)
#   Set larger code cache with -XX:ReservedCodeCacheSize=
#   JVM is running with Unscaled Compressed Oops mode in which the Java heap is
#     placed in the first 4GB address space. The Java Heap base address is the
#     maximum limit for the native heap growth. Please use -XX:HeapBaseMinAddress
#     to set the Java Heap base and to place the Java Heap above 4GB virtual address.
# This output file may be truncated or incomplete.
#
#  Out of Memory Error (arena.cpp:168), pid=25796, tid=7096
#
# JRE version: OpenJDK Runtime Environment Temurin-21.0.11+10 (21.0.11+10) (build 21.0.11+10-LTS)
# Java VM: OpenJDK 64-Bit Server VM Temurin-21.0.11+10 (21.0.11+10-LTS, mixed mode, sharing, tiered, compressed oops, compressed class ptrs, parallel gc, windows-amd64)
# No core dump will be written. Minidumps are not enabled by default on client versions of Windows
#

---------------  S U M M A R Y ------------

Command Line: --add-modules=ALL-SYSTEM --add-opens=java.base/java.util=ALL-UNNAMED --add-opens=java.base/java.lang=ALL-UNNAMED --add-opens=java.base/sun.nio.fs=ALL-UNNAMED -Declipse.application=org.eclipse.jdt.ls.core.id1 -Dosgi.bundles.defaultStartLevel=4 -Declipse.product=org.eclipse.jdt.ls.core.product -Djava.import.generatesMetadataFilesAtProjectRoot=false -DDetectVMInstallationsJob.disabled=true -Dfile.encoding=utf8 -XX:+UseParallelGC -XX:GCTimeRatio=4 -XX:AdaptiveSizePolicyWeight=90 -Dsun.zip.disableMemoryMapping=true -Xmx2G -Xms100m -Xlog:disable -javaagent:c:\Users\DELL\.vscode\extensions\redhat.java-1.55.0-win32-x64\lombok\lombok-1.18.39-4050.jar -XX:+HeapDumpOnOutOfMemoryError -XX:HeapDumpPath=c:\Users\DELL\AppData\Roaming\Code\User\workspaceStorage\45e26d7a3be2778aea4a26fad21d1b4c\redhat.java -Daether.dependencyCollector.impl=bf c:\Users\DELL\.vscode\extensions\redhat.java-1.55.0-win32-x64\server\plugins\org.eclipse.equinox.launcher_1.7.200.v20260619-2039.jar -configuration c:\Users\DELL\AppData\Roaming\Code\User\globalStorage\redhat.java\1.55.0\config_win -data c:\Users\DELL\AppData\Roaming\Code\User\workspaceStorage\45e26d7a3be2778aea4a26fad21d1b4c\redhat.java\jdt_ws --pipe=\\.\pipe\lsp-bac2e83a908a0173a5e5c21ba2298c1e-sock

Host: 12th Gen Intel(R) Core(TM) i5-1235U, 12 cores, 15G,  Windows 11 , 64 bit Build 26100 (10.0.26100.8737)
Time: Tue Jun 30 11:31:03 2026 India Standard Time elapsed time: 8.469299 seconds (0d 0h 0m 8s)

---------------  T H R E A D  ---------------

Current thread (0x00000149db02c800):  JavaThread "C2 CompilerThread0" daemon [_thread_in_native, id=7096, stack(0x000000390e200000,0x000000390e300000) (1024K)]


Current CompileTask:
C2:8469 3842       4       org.lombokweb.asm.ClassReader::readMethod (1070 bytes)

Stack: [0x000000390e200000,0x000000390e300000]
Native frames: (J=compiled Java code, j=interpreted, Vv=VM code, C=native code)
V  [jvm.dll+0x6d7e19]
V  [jvm.dll+0x8b5096]
V  [jvm.dll+0x8b764e]
V  [jvm.dll+0x8b7d33]
V  [jvm.dll+0x284596]
V  [jvm.dll+0xc685d]
V  [jvm.dll+0xc6da1]
V  [jvm.dll+0x3bed6b]
V  [jvm.dll+0x38b2b2]
V  [jvm.dll+0x38a6fa]
V  [jvm.dll+0x24c700]
V  [jvm.dll+0x24bce0]
V  [jvm.dll+0x1cb4ae]
V  [jvm.dll+0x25baad]
V  [jvm.dll+0x25a03a]
V  [jvm.dll+0x3f868e]
V  [jvm.dll+0x85fb0d]
V  [jvm.dll+0x6d664d]
C  [ucrtbase.dll+0x2cd30]
C  [KERNEL32.DLL+0x2e957]
C  [ntdll.dll+0xaad6c]


---------------  P R O C E S S  ---------------

Threads class SMR info:
_java_thread_list=0x00000149dba26da0, length=24, elements={
0x00000149fefaca60, 0x00000149db0160a0, 0x00000149db017430, 0x00000149db01c130,
0x00000149db01cff0, 0x00000149db0253d0, 0x00000149db0238a0, 0x00000149db02c800,
0x00000149db031e80, 0x00000149db213d60, 0x00000149db40e950, 0x00000149dbb20ee0,
0x00000149e00ad970, 0x00000149e01717c0, 0x00000149e00a69c0, 0x00000149e083d990,
0x00000149e06af540, 0x00000149e059a9f0, 0x00000149db5e4600, 0x00000149db5e6d60,
0x00000149db5e66d0, 0x00000149e0568940, 0x00000149db5e5320, 0x00000149e0566e00
}

Java Threads: ( => current thread )
  0x00000149fefaca60 JavaThread "main"                              [_thread_blocked, id=26724, stack(0x000000390d800000,0x000000390d900000) (1024K)]
  0x00000149db0160a0 JavaThread "Reference Handler"          daemon [_thread_blocked, id=17964, stack(0x000000390dc00000,0x000000390dd00000) (1024K)]
  0x00000149db017430 JavaThread "Finalizer"                  daemon [_thread_blocked, id=6932, stack(0x000000390dd00000,0x000000390de00000) (1024K)]
  0x00000149db01c130 JavaThread "Signal Dispatcher"          daemon [_thread_blocked, id=22256, stack(0x000000390de00000,0x000000390df00000) (1024K)]
  0x00000149db01cff0 JavaThread "Attach Listener"            daemon [_thread_blocked, id=7148, stack(0x000000390df00000,0x000000390e000000) (1024K)]
  0x00000149db0253d0 JavaThread "Service Thread"             daemon [_thread_blocked, id=23768, stack(0x000000390e000000,0x000000390e100000) (1024K)]
  0x00000149db0238a0 JavaThread "Monitor Deflation Thread"   daemon [_thread_blocked, id=7120, stack(0x000000390e100000,0x000000390e200000) (1024K)]
=>0x00000149db02c800 JavaThread "C2 CompilerThread0"         daemon [_thread_in_native, id=7096, stack(0x000000390e200000,0x000000390e300000) (1024K)]
  0x00000149db031e80 JavaThread "C1 CompilerThread0"         daemon [_thread_in_native, id=6704, stack(0x000000390e300000,0x000000390e400000) (1024K)]
  0x00000149db213d60 JavaThread "Common-Cleaner"             daemon [_thread_blocked, id=1372, stack(0x000000390e500000,0x000000390e600000) (1024K)]
  0x00000149db40e950 JavaThread "Notification Thread"        daemon [_thread_blocked, id=13692, stack(0x000000390e600000,0x000000390e700000) (1024K)]
  0x00000149dbb20ee0 JavaThread "Active Thread: Equinox Container: 61815b25-2931-4c87-99d1-55c43c17a3ec"        [_thread_blocked, id=3128, stack(0x000000390ee00000,0x000000390ef00000) (1024K)]
  0x00000149e00ad970 JavaThread "Refresh Thread: Equinox Container: 61815b25-2931-4c87-99d1-55c43c17a3ec" daemon [_thread_blocked, id=28156, stack(0x000000390f000000,0x000000390f100000) (1024K)]
  0x00000149e01717c0 JavaThread "Framework Event Dispatcher: Equinox Container: 61815b25-2931-4c87-99d1-55c43c17a3ec" daemon [_thread_blocked, id=1508, stack(0x000000390f100000,0x000000390f200000) (1024K)]
  0x00000149e00a69c0 JavaThread "Start Level: Equinox Container: 61815b25-2931-4c87-99d1-55c43c17a3ec" daemon [_thread_in_vm, id=7632, stack(0x000000390f200000,0x000000390f300000) (1024K)]
  0x00000149e083d990 JavaThread "Bundle File Closer"         daemon [_thread_blocked, id=26132, stack(0x000000390f500000,0x000000390f600000) (1024K)]
  0x00000149e06af540 JavaThread "SCR Component Actor"        daemon [_thread_blocked, id=17776, stack(0x000000390e400000,0x000000390e500000) (1024K)]
  0x00000149e059a9f0 JavaThread "Worker-JM"                         [_thread_blocked, id=28052, stack(0x000000390f700000,0x000000390f800000) (1024K)]
  0x00000149db5e4600 JavaThread "JNA Cleaner"                daemon [_thread_blocked, id=8044, stack(0x000000390e700000,0x000000390e800000) (1024K)]
  0x00000149db5e6d60 JavaThread "Worker-0: Repository registry initialization"        [_thread_blocked, id=18220, stack(0x000000390f600000,0x000000390f700000) (1024K)]
  0x00000149db5e66d0 JavaThread "Worker-1: Updating Maven Dependencies"        [_thread_in_Java, id=13756, stack(0x000000390f800000,0x000000390f900000) (1024K)]
  0x00000149e0568940 JavaThread "C2 CompilerThread1"         daemon [_thread_in_native, id=24532, stack(0x000000390f900000,0x000000390fa00000) (1024K)]
  0x00000149db5e5320 JavaThread "Worker-2"                          [_thread_blocked, id=11812, stack(0x000000390fa00000,0x000000390fb00000) (1024K)]
  0x00000149e0566e00 JavaThread "C2 CompilerThread2"         daemon [_thread_in_native, id=732, stack(0x000000390fb00000,0x000000390fc00000) (1024K)]
Total: 24

Other Threads:
  0x000001498150e870 VMThread "VM Thread"                           [id=6576, stack(0x000000390db00000,0x000000390dc00000) (1024K)]
  0x0000014997ddba00 WatcherThread "VM Periodic Task Thread"        [id=28092, stack(0x000000390da00000,0x000000390db00000) (1024K)]
  0x000001498146d140 WorkerThread "GC Thread#0"                     [id=2856, stack(0x000000390d900000,0x000000390da00000) (1024K)]
  0x00000149dbb54be0 WorkerThread "GC Thread#1"                     [id=13820, stack(0x000000390e800000,0x000000390e900000) (1024K)]
  0x00000149db3e6e40 WorkerThread "GC Thread#2"                     [id=25588, stack(0x000000390e900000,0x000000390ea00000) (1024K)]
  0x00000149db3e71f0 WorkerThread "GC Thread#3"                     [id=9868, stack(0x000000390ea00000,0x000000390eb00000) (1024K)]
  0x00000149db3e75a0 WorkerThread "GC Thread#4"                     [id=18864, stack(0x000000390eb00000,0x000000390ec00000) (1024K)]
  0x00000149db3e7950 WorkerThread "GC Thread#5"                     [id=16860, stack(0x000000390ec00000,0x000000390ed00000) (1024K)]
  0x00000149dbadb140 WorkerThread "GC Thread#6"                     [id=25800, stack(0x000000390ed00000,0x000000390ee00000) (1024K)]
  0x00000149e01da6b0 WorkerThread "GC Thread#7"                     [id=27032, stack(0x000000390ef00000,0x000000390f000000) (1024K)]
  0x00000149e0609c70 WorkerThread "GC Thread#8"                     [id=7200, stack(0x000000390f300000,0x000000390f400000) (1024K)]
  0x00000149e059cf00 WorkerThread "GC Thread#9"                     [id=13060, stack(0x000000390f400000,0x000000390f500000) (1024K)]
Total: 12

Threads with active compile tasks:
C2 CompilerThread0  8504 3842       4       org.lombokweb.asm.ClassReader::readMethod (1070 bytes)
C2 CompilerThread1  8504 3906       4       lombok.patcher.PatchScript$MethodPatcher::visitMethod (158 bytes)
C2 CompilerThread2  8504 3973       4       java.util.Properties::loadConvert (540 bytes)
Total: 3

VM state: not at safepoint (normal execution)

VM Mutex/Monitor currently owned by a thread: None

Heap address: 0x0000000080000000, size: 2048 MB, Compressed Oops mode: 32-bit

CDS archive(s) mapped at: [0x0000014998000000-0x0000014998ba0000-0x0000014998ba0000), size 12189696, SharedBaseAddress: 0x0000014998000000, ArchiveRelocationMode: 1.
Compressed class space mapped at: 0x0000014999000000-0x00000149d9000000, reserved size: 1073741824
Narrow klass base: 0x0000014998000000, Narrow klass shift: 0, Narrow klass range: 0x100000000

GC Precious Log:
 CardTable entry size: 512
 CPUs: 12 total, 12 available
 Memory: 16068M
 Large Page Support: Disabled
 NUMA Support: Disabled
 Compressed Oops: Enabled (32-bit)
 Alignments: Space 512K, Generation 512K, Heap 2M
 Heap Min Capacity: 100M
 Heap Initial Capacity: 100M
 Heap Max Capacity: 2G
 Pre-touch: Disabled
 Parallel Workers: 10

Heap:
 PSYoungGen      total 25600K, used 22712K [0x00000000d5580000, 0x00000000d7380000, 0x0000000100000000)
  eden space 23552K, 89% used [0x00000000d5580000,0x00000000d6a17018,0x00000000d6c80000)
  from space 2048K, 79% used [0x00000000d6f80000,0x00000000d7117360,0x00000000d7180000)
  to   space 2048K, 0% used [0x00000000d7180000,0x00000000d7180000,0x00000000d7380000)
 ParOldGen       total 68608K, used 14173K [0x0000000080000000, 0x0000000084300000, 0x00000000d5580000)
  object space 68608K, 20% used [0x0000000080000000,0x0000000080dd7718,0x0000000084300000)
 Metaspace       used 28067K, committed 28928K, reserved 1114112K
  class space    used 2777K, committed 3136K, reserved 1048576K

Card table byte_map: [0x00000149ff9a0000,0x00000149ffdb0000] _byte_map_base: 0x00000149ff5a0000

Marking Bits: (ParMarkBitMap*) 0x00007ffe952c4460
 Begin Bits: [0x0000014993900000, 0x0000014995900000)
 End Bits:   [0x0000014995900000, 0x0000014997900000)

Polling page: 0x00000149ff180000

Metaspace:

Usage:
  Non-class:     24.70 MB used.
      Class:      2.71 MB used.
       Both:     27.41 MB used.

Virtual space:
  Non-class space:       64.00 MB reserved,      25.19 MB ( 39%) committed,  1 nodes.
      Class space:        1.00 GB reserved,       3.06 MB ( <1%) committed,  1 nodes.
             Both:        1.06 GB reserved,      28.25 MB (  3%) committed. 

Chunk freelists:
   Non-Class:  6.69 MB
       Class:  12.88 MB
        Both:  19.57 MB

MaxMetaspaceSize: unlimited
CompressedClassSpaceSize: 1.00 GB
Initial GC threshold: 21.00 MB
Current GC threshold: 35.00 MB
CDS: on
 - commit_granule_bytes: 65536.
 - commit_granule_words: 8192.
 - virtual_space_node_default_size: 8388608.
 - enlarge_chunks_in_place: 1.
 - use_allocation_guard: 0.


Internal statistics:

num_allocs_failed_limit: 3.
num_arena_births: 736.
num_arena_deaths: 14.
num_vsnodes_births: 2.
num_vsnodes_deaths: 0.
num_space_committed: 452.
num_space_uncommitted: 0.
num_chunks_returned_to_freelist: 17.
num_chunks_taken_from_freelist: 1869.
num_chunk_merges: 9.
num_chunk_splits: 1196.
num_chunks_enlarged: 753.
num_inconsistent_stats: 0.

CodeHeap 'non-profiled nmethods': size=120000Kb used=1795Kb max_used=1795Kb free=118204Kb
 bounds [0x000001498c120000, 0x000001498c390000, 0x0000014993650000]
CodeHeap 'profiled nmethods': size=120000Kb used=8379Kb max_used=8379Kb free=111620Kb
 bounds [0x0000014984650000, 0x0000014984e80000, 0x000001498bb80000]
CodeHeap 'non-nmethods': size=5760Kb used=1332Kb max_used=1351Kb free=4427Kb
 bounds [0x000001498bb80000, 0x000001498bdf0000, 0x000001498c120000]
CodeCache: size=245760Kb, used=11506Kb, max_used=11525Kb, free=234251Kb
 total_blobs=4618, nmethods=3993, adapters=531, full_count=0
Compilation: enabled, stopped_count=0, restarted_count=0

Compilation events (20 events):
Event: 8.405 Thread 0x00000149db031e80 nmethod 3971 0x0000014984e61a90 code [0x0000014984e61c40, 0x0000014984e61e78]
Event: 8.430 Thread 0x00000149db031e80 3974   !   3       org.eclipse.osgi.internal.loader.BundleLoader::findClass0 (490 bytes)
Event: 8.439 Thread 0x00000149db031e80 nmethod 3974 0x0000014984e62010 code [0x0000014984e628a0, 0x0000014984e67028]
Event: 8.441 Thread 0x00000149e0566e00 3973       4       java.util.Properties::loadConvert (540 bytes)
Event: 8.442 Thread 0x00000149db031e80 3976       3       jdk.internal.org.objectweb.asm.ByteVector::putShort (52 bytes)
Event: 8.443 Thread 0x00000149db031e80 nmethod 3976 0x0000014984e68890 code [0x0000014984e68a40, 0x0000014984e68c40]
Event: 8.446 Thread 0x00000149db031e80 3978       3       java.lang.StringBuilder::charAt (6 bytes)
Event: 8.447 Thread 0x00000149db031e80 nmethod 3978 0x0000014984e68d90 code [0x0000014984e68f40, 0x0000014984e69080]
Event: 8.452 Thread 0x00000149db031e80 3979       3       java.util.regex.Pattern$Slice::match (79 bytes)
Event: 8.452 Thread 0x00000149db031e80 nmethod 3979 0x0000014984e69110 code [0x0000014984e69300, 0x0000014984e69788]
Event: 8.459 Thread 0x00000149db031e80 3980       3       jdk.internal.misc.Unsafe::weakCompareAndSetLong (11 bytes)
Event: 8.459 Thread 0x00000149db031e80 nmethod 3980 0x0000014984e69910 code [0x0000014984e69aa0, 0x0000014984e69bc8]
Event: 8.461 Thread 0x00000149db031e80 3981       3       org.codehaus.plexus.util.xml.pull.MXParser::setNameStart (11 bytes)
Event: 8.461 Thread 0x00000149db031e80 nmethod 3981 0x0000014984e69c90 code [0x0000014984e69e40, 0x0000014984e6a038]
Event: 8.461 Thread 0x00000149db031e80 3982       3       org.codehaus.plexus.util.xml.pull.MXParser::setName (7 bytes)
Event: 8.461 Thread 0x00000149db031e80 nmethod 3982 0x0000014984e6a110 code [0x0000014984e6a2c0, 0x0000014984e6a490]
Event: 8.464 Thread 0x00000149db031e80 3983       3       org.codehaus.plexus.util.xml.pull.MXParser::more (106 bytes)
Event: 8.465 Thread 0x00000149db031e80 nmethod 3983 0x0000014984e6a590 code [0x0000014984e6a7e0, 0x0000014984e6af40]
Event: 8.466 Thread 0x00000149db031e80 3984       3       org.codehaus.plexus.util.xml.pull.MXParser::isValidCodePoint (65 bytes)
Event: 8.466 Thread 0x00000149db031e80 nmethod 3984 0x0000014984e6b290 code [0x0000014984e6b440, 0x0000014984e6b708]

GC Heap History (20 events):
Event: 1.194 GC heap before
{Heap before GC invocations=1 (full 0):
 PSYoungGen      total 29696K, used 25600K [0x00000000d5580000, 0x00000000d7680000, 0x0000000100000000)
  eden space 25600K, 100% used [0x00000000d5580000,0x00000000d6e80000,0x00000000d6e80000)
  from space 4096K, 0% used [0x00000000d7280000,0x00000000d7280000,0x00000000d7680000)
  to   space 4096K, 0% used [0x00000000d6e80000,0x00000000d6e80000,0x00000000d7280000)
 ParOldGen       total 68608K, used 0K [0x0000000080000000, 0x0000000084300000, 0x00000000d5580000)
  object space 68608K, 0% used [0x0000000080000000,0x0000000080000000,0x0000000084300000)
 Metaspace       used 4374K, committed 4608K, reserved 1114112K
  class space    used 476K, committed 576K, reserved 1048576K
}
Event: 1.202 GC heap after
{Heap after GC invocations=1 (full 0):
 PSYoungGen      total 29696K, used 3319K [0x00000000d5580000, 0x00000000d7680000, 0x0000000100000000)
  eden space 25600K, 0% used [0x00000000d5580000,0x00000000d5580000,0x00000000d6e80000)
  from space 4096K, 81% used [0x00000000d6e80000,0x00000000d71bdea8,0x00000000d7280000)
  to   space 4096K, 0% used [0x00000000d7280000,0x00000000d7280000,0x00000000d7680000)
 ParOldGen       total 68608K, used 16K [0x0000000080000000, 0x0000000084300000, 0x00000000d5580000)
  object space 68608K, 0% used [0x0000000080000000,0x0000000080004000,0x0000000084300000)
 Metaspace       used 4374K, committed 4608K, reserved 1114112K
  class space    used 476K, committed 576K, reserved 1048576K
}
Event: 2.261 GC heap before
{Heap before GC invocations=2 (full 0):
 PSYoungGen      total 29696K, used 28919K [0x00000000d5580000, 0x00000000d7680000, 0x0000000100000000)
  eden space 25600K, 100% used [0x00000000d5580000,0x00000000d6e80000,0x00000000d6e80000)
  from space 4096K, 81% used [0x00000000d6e80000,0x00000000d71bdea8,0x00000000d7280000)
  to   space 4096K, 0% used [0x00000000d7280000,0x00000000d7280000,0x00000000d7680000)
 ParOldGen       total 68608K, used 16K [0x0000000080000000, 0x0000000084300000, 0x00000000d5580000)
  object space 68608K, 0% used [0x0000000080000000,0x0000000080004000,0x0000000084300000)
 Metaspace       used 8030K, committed 8320K, reserved 1114112K
  class space    used 839K, committed 960K, reserved 1048576K
}
Event: 2.269 GC heap after
{Heap after GC invocations=2 (full 0):
 PSYoungGen      total 29696K, used 4070K [0x00000000d5580000, 0x00000000d7680000, 0x0000000100000000)
  eden space 25600K, 0% used [0x00000000d5580000,0x00000000d5580000,0x00000000d6e80000)
  from space 4096K, 99% used [0x00000000d7280000,0x00000000d7679800,0x00000000d7680000)
  to   space 4096K, 0% used [0x00000000d6e80000,0x00000000d6e80000,0x00000000d7280000)
 ParOldGen       total 68608K, used 1992K [0x0000000080000000, 0x0000000084300000, 0x00000000d5580000)
  object space 68608K, 2% used [0x0000000080000000,0x00000000801f2320,0x0000000084300000)
 Metaspace       used 8030K, committed 8320K, reserved 1114112K
  class space    used 839K, committed 960K, reserved 1048576K
}
Event: 2.808 GC heap before
{Heap before GC invocations=3 (full 0):
 PSYoungGen      total 29696K, used 29670K [0x00000000d5580000, 0x00000000d7680000, 0x0000000100000000)
  eden space 25600K, 100% used [0x00000000d5580000,0x00000000d6e80000,0x00000000d6e80000)
  from space 4096K, 99% used [0x00000000d7280000,0x00000000d7679800,0x00000000d7680000)
  to   space 4096K, 0% used [0x00000000d6e80000,0x00000000d6e80000,0x00000000d7280000)
 ParOldGen       total 68608K, used 1992K [0x0000000080000000, 0x0000000084300000, 0x00000000d5580000)
  object space 68608K, 2% used [0x0000000080000000,0x00000000801f2320,0x0000000084300000)
 Metaspace       used 9482K, committed 9856K, reserved 1114112K
  class space    used 1011K, committed 1152K, reserved 1048576K
}
Event: 2.817 GC heap after
{Heap after GC invocations=3 (full 0):
 PSYoungGen      total 29696K, used 4064K [0x00000000d5580000, 0x00000000d7680000, 0x0000000100000000)
  eden space 25600K, 0% used [0x00000000d5580000,0x00000000d5580000,0x00000000d6e80000)
  from space 4096K, 99% used [0x00000000d6e80000,0x00000000d72783c0,0x00000000d7280000)
  to   space 4096K, 0% used [0x00000000d7280000,0x00000000d7280000,0x00000000d7680000)
 ParOldGen       total 68608K, used 5100K [0x0000000080000000, 0x0000000084300000, 0x00000000d5580000)
  object space 68608K, 7% used [0x0000000080000000,0x00000000804fb340,0x0000000084300000)
 Metaspace       used 9482K, committed 9856K, reserved 1114112K
  class space    used 1011K, committed 1152K, reserved 1048576K
}
Event: 5.146 GC heap before
{Heap before GC invocations=4 (full 0):
 PSYoungGen      total 29696K, used 29664K [0x00000000d5580000, 0x00000000d7680000, 0x0000000100000000)
  eden space 25600K, 100% used [0x00000000d5580000,0x00000000d6e80000,0x00000000d6e80000)
  from space 4096K, 99% used [0x00000000d6e80000,0x00000000d72783c0,0x00000000d7280000)
  to   space 4096K, 0% used [0x00000000d7280000,0x00000000d7280000,0x00000000d7680000)
 ParOldGen       total 68608K, used 5100K [0x0000000080000000, 0x0000000084300000, 0x00000000d5580000)
  object space 68608K, 7% used [0x0000000080000000,0x00000000804fb340,0x0000000084300000)
 Metaspace       used 11687K, committed 12096K, reserved 1114112K
  class space    used 1241K, committed 1408K, reserved 1048576K
}
Event: 5.153 GC heap after
{Heap after GC invocations=4 (full 0):
 PSYoungGen      total 29696K, used 4092K [0x00000000d5580000, 0x00000000d7680000, 0x0000000100000000)
  eden space 25600K, 0% used [0x00000000d5580000,0x00000000d5580000,0x00000000d6e80000)
  from space 4096K, 99% used [0x00000000d7280000,0x00000000d767f120,0x00000000d7680000)
  to   space 4096K, 0% used [0x00000000d6e80000,0x00000000d6e80000,0x00000000d7280000)
 ParOldGen       total 68608K, used 6711K [0x0000000080000000, 0x0000000084300000, 0x00000000d5580000)
  object space 68608K, 9% used [0x0000000080000000,0x000000008068de20,0x0000000084300000)
 Metaspace       used 11687K, committed 12096K, reserved 1114112K
  class space    used 1241K, committed 1408K, reserved 1048576K
}
Event: 6.047 GC heap before
{Heap before GC invocations=5 (full 0):
 PSYoungGen      total 29696K, used 29692K [0x00000000d5580000, 0x00000000d7680000, 0x0000000100000000)
  eden space 25600K, 100% used [0x00000000d5580000,0x00000000d6e80000,0x00000000d6e80000)
  from space 4096K, 99% used [0x00000000d7280000,0x00000000d767f120,0x00000000d7680000)
  to   space 4096K, 0% used [0x00000000d6e80000,0x00000000d6e80000,0x00000000d7280000)
 ParOldGen       total 68608K, used 6711K [0x0000000080000000, 0x0000000084300000, 0x00000000d5580000)
  object space 68608K, 9% used [0x0000000080000000,0x000000008068de20,0x0000000084300000)
 Metaspace       used 15632K, committed 16256K, reserved 1114112K
  class space    used 1634K, committed 1920K, reserved 1048576K
}
Event: 6.052 GC heap after
{Heap after GC invocations=5 (full 0):
 PSYoungGen      total 29184K, used 4076K [0x00000000d5580000, 0x00000000d7900000, 0x0000000100000000)
  eden space 25088K, 0% used [0x00000000d5580000,0x00000000d5580000,0x00000000d6e00000)
  from space 4096K, 99% used [0x00000000d6e80000,0x00000000d727b3d8,0x00000000d7280000)
  to   space 5632K, 0% used [0x00000000d7380000,0x00000000d7380000,0x00000000d7900000)
 ParOldGen       total 68608K, used 7760K [0x0000000080000000, 0x0000000084300000, 0x00000000d5580000)
  object space 68608K, 11% used [0x0000000080000000,0x0000000080794340,0x0000000084300000)
 Metaspace       used 15632K, committed 16256K, reserved 1114112K
  class space    used 1634K, committed 1920K, reserved 1048576K
}
Event: 6.985 GC heap before
{Heap before GC invocations=6 (full 0):
 PSYoungGen      total 29184K, used 29164K [0x00000000d5580000, 0x00000000d7900000, 0x0000000100000000)
  eden space 25088K, 100% used [0x00000000d5580000,0x00000000d6e00000,0x00000000d6e00000)
  from space 4096K, 99% used [0x00000000d6e80000,0x00000000d727b3d8,0x00000000d7280000)
  to   space 5632K, 0% used [0x00000000d7380000,0x00000000d7380000,0x00000000d7900000)
 ParOldGen       total 68608K, used 7760K [0x0000000080000000, 0x0000000084300000, 0x00000000d5580000)
  object space 68608K, 11% used [0x0000000080000000,0x0000000080794340,0x0000000084300000)
 Metaspace       used 18749K, committed 19520K, reserved 1114112K
  class space    used 1983K, committed 2304K, reserved 1048576K
}
Event: 6.993 GC heap after
{Heap after GC invocations=6 (full 0):
 PSYoungGen      total 30208K, used 5263K [0x00000000d5580000, 0x00000000d7900000, 0x0000000100000000)
  eden space 24576K, 0% used [0x00000000d5580000,0x00000000d5580000,0x00000000d6d80000)
  from space 5632K, 93% used [0x00000000d7380000,0x00000000d78a3e18,0x00000000d7900000)
  to   space 5632K, 0% used [0x00000000d6e00000,0x00000000d6e00000,0x00000000d7380000)
 ParOldGen       total 68608K, used 7768K [0x0000000080000000, 0x0000000084300000, 0x00000000d5580000)
  object space 68608K, 11% used [0x0000000080000000,0x0000000080796340,0x0000000084300000)
 Metaspace       used 18749K, committed 19520K, reserved 1114112K
  class space    used 1983K, committed 2304K, reserved 1048576K
}
Event: 7.354 GC heap before
{Heap before GC invocations=7 (full 0):
 PSYoungGen      total 30208K, used 25202K [0x00000000d5580000, 0x00000000d7900000, 0x0000000100000000)
  eden space 24576K, 81% used [0x00000000d5580000,0x00000000d68f8b18,0x00000000d6d80000)
  from space 5632K, 93% used [0x00000000d7380000,0x00000000d78a3e18,0x00000000d7900000)
  to   space 5632K, 0% used [0x00000000d6e00000,0x00000000d6e00000,0x00000000d7380000)
 ParOldGen       total 68608K, used 7768K [0x0000000080000000, 0x0000000084300000, 0x00000000d5580000)
  object space 68608K, 11% used [0x0000000080000000,0x0000000080796340,0x0000000084300000)
 Metaspace       used 20685K, committed 21504K, reserved 1114112K
  class space    used 2203K, committed 2560K, reserved 1048576K
}
Event: 7.360 GC heap after
{Heap after GC invocations=7 (full 0):
 PSYoungGen      total 29696K, used 4617K [0x00000000d5580000, 0x00000000d7780000, 0x0000000100000000)
  eden space 24576K, 0% used [0x00000000d5580000,0x00000000d5580000,0x00000000d6d80000)
  from space 5120K, 90% used [0x00000000d6e00000,0x00000000d7282550,0x00000000d7300000)
  to   space 4608K, 0% used [0x00000000d7300000,0x00000000d7300000,0x00000000d7780000)
 ParOldGen       total 68608K, used 9516K [0x0000000080000000, 0x0000000084300000, 0x00000000d5580000)
  object space 68608K, 13% used [0x0000000080000000,0x000000008094b000,0x0000000084300000)
 Metaspace       used 20685K, committed 21504K, reserved 1114112K
  class space    used 2203K, committed 2560K, reserved 1048576K
}
Event: 7.360 GC heap before
{Heap before GC invocations=8 (full 1):
 PSYoungGen      total 29696K, used 4617K [0x00000000d5580000, 0x00000000d7780000, 0x0000000100000000)
  eden space 24576K, 0% used [0x00000000d5580000,0x00000000d5580000,0x00000000d6d80000)
  from space 5120K, 90% used [0x00000000d6e00000,0x00000000d7282550,0x00000000d7300000)
  to   space 4608K, 0% used [0x00000000d7300000,0x00000000d7300000,0x00000000d7780000)
 ParOldGen       total 68608K, used 9516K [0x0000000080000000, 0x0000000084300000, 0x00000000d5580000)
  object space 68608K, 13% used [0x0000000080000000,0x000000008094b000,0x0000000084300000)
 Metaspace       used 20685K, committed 21504K, reserved 1114112K
  class space    used 2203K, committed 2560K, reserved 1048576K
}
Event: 7.404 GC heap after
{Heap after GC invocations=8 (full 1):
 PSYoungGen      total 29696K, used 0K [0x00000000d5580000, 0x00000000d7780000, 0x0000000100000000)
  eden space 24576K, 0% used [0x00000000d5580000,0x00000000d5580000,0x00000000d6d80000)
  from space 5120K, 0% used [0x00000000d6e00000,0x00000000d6e00000,0x00000000d7300000)
  to   space 4608K, 0% used [0x00000000d7300000,0x00000000d7300000,0x00000000d7780000)
 ParOldGen       total 68608K, used 13376K [0x0000000080000000, 0x0000000084300000, 0x00000000d5580000)
  object space 68608K, 19% used [0x0000000080000000,0x0000000080d10208,0x0000000084300000)
 Metaspace       used 20672K, committed 21504K, reserved 1114112K
  class space    used 2199K, committed 2560K, reserved 1048576K
}
Event: 7.690 GC heap before
{Heap before GC invocations=9 (full 1):
 PSYoungGen      total 29696K, used 24576K [0x00000000d5580000, 0x00000000d7780000, 0x0000000100000000)
  eden space 24576K, 100% used [0x00000000d5580000,0x00000000d6d80000,0x00000000d6d80000)
  from space 5120K, 0% used [0x00000000d6e00000,0x00000000d6e00000,0x00000000d7300000)
  to   space 4608K, 0% used [0x00000000d7300000,0x00000000d7300000,0x00000000d7780000)
 ParOldGen       total 68608K, used 13376K [0x0000000080000000, 0x0000000084300000, 0x00000000d5580000)
  object space 68608K, 19% used [0x0000000080000000,0x0000000080d10208,0x0000000084300000)
 Metaspace       used 23341K, committed 24192K, reserved 1114112K
  class space    used 2375K, committed 2752K, reserved 1048576K
}
Event: 7.692 GC heap after
{Heap after GC invocations=9 (full 1):
 PSYoungGen      total 24576K, used 427K [0x00000000d5580000, 0x00000000d7380000, 0x0000000100000000)
  eden space 24064K, 0% used [0x00000000d5580000,0x00000000d5580000,0x00000000d6d00000)
  from space 512K, 83% used [0x00000000d7300000,0x00000000d736ac68,0x00000000d7380000)
  to   space 2048K, 0% used [0x00000000d6f80000,0x00000000d6f80000,0x00000000d7180000)
 ParOldGen       total 68608K, used 13384K [0x0000000080000000, 0x0000000084300000, 0x00000000d5580000)
  object space 68608K, 19% used [0x0000000080000000,0x0000000080d12208,0x0000000084300000)
 Metaspace       used 23341K, committed 24192K, reserved 1114112K
  class space    used 2375K, committed 2752K, reserved 1048576K
}
Event: 8.098 GC heap before
{Heap before GC invocations=10 (full 1):
 PSYoungGen      total 24576K, used 24491K [0x00000000d5580000, 0x00000000d7380000, 0x0000000100000000)
  eden space 24064K, 100% used [0x00000000d5580000,0x00000000d6d00000,0x00000000d6d00000)
  from space 512K, 83% used [0x00000000d7300000,0x00000000d736ac68,0x00000000d7380000)
  to   space 2048K, 0% used [0x00000000d6f80000,0x00000000d6f80000,0x00000000d7180000)
 ParOldGen       total 68608K, used 13384K [0x0000000080000000, 0x0000000084300000, 0x00000000d5580000)
  object space 68608K, 19% used [0x0000000080000000,0x0000000080d12208,0x0000000084300000)
 Metaspace       used 26372K, committed 27200K, reserved 1114112K
  class space    used 2612K, committed 2944K, reserved 1048576K
}
Event: 8.100 GC heap after
{Heap after GC invocations=10 (full 1):
 PSYoungGen      total 25600K, used 1628K [0x00000000d5580000, 0x00000000d7380000, 0x0000000100000000)
  eden space 23552K, 0% used [0x00000000d5580000,0x00000000d5580000,0x00000000d6c80000)
  from space 2048K, 79% used [0x00000000d6f80000,0x00000000d7117360,0x00000000d7180000)
  to   space 2048K, 0% used [0x00000000d7180000,0x00000000d7180000,0x00000000d7380000)
 ParOldGen       total 68608K, used 14173K [0x0000000080000000, 0x0000000084300000, 0x00000000d5580000)
  object space 68608K, 20% used [0x0000000080000000,0x0000000080dd7718,0x0000000084300000)
 Metaspace       used 26372K, committed 27200K, reserved 1114112K
  class space    used 2612K, committed 2944K, reserved 1048576K
}

Dll operation events (10 events):
Event: 0.017 Loaded shared library c:\Users\DELL\.vscode\extensions\redhat.java-1.55.0-win32-x64\jre\21.0.11-win32-x86_64\bin\java.dll
Event: 0.117 Loaded shared library c:\Users\DELL\.vscode\extensions\redhat.java-1.55.0-win32-x64\jre\21.0.11-win32-x86_64\bin\zip.dll
Event: 0.156 Loaded shared library C:\Users\DELL\.vscode\extensions\redhat.java-1.55.0-win32-x64\jre\21.0.11-win32-x86_64\bin\instrument.dll
Event: 0.166 Loaded shared library C:\Users\DELL\.vscode\extensions\redhat.java-1.55.0-win32-x64\jre\21.0.11-win32-x86_64\bin\net.dll
Event: 0.169 Loaded shared library C:\Users\DELL\.vscode\extensions\redhat.java-1.55.0-win32-x64\jre\21.0.11-win32-x86_64\bin\nio.dll
Event: 0.175 Loaded shared library C:\Users\DELL\.vscode\extensions\redhat.java-1.55.0-win32-x64\jre\21.0.11-win32-x86_64\bin\zip.dll
Event: 0.208 Loaded shared library C:\Users\DELL\.vscode\extensions\redhat.java-1.55.0-win32-x64\jre\21.0.11-win32-x86_64\bin\jimage.dll
Event: 0.344 Loaded shared library c:\Users\DELL\.vscode\extensions\redhat.java-1.55.0-win32-x64\jre\21.0.11-win32-x86_64\bin\verify.dll
Event: 2.280 Loaded shared library C:\Users\DELL\AppData\Roaming\Code\User\globalStorage\redhat.java\1.55.0\config_win\org.eclipse.equinox.launcher\org.eclipse.equinox.launcher.win32.win32.x86_64_1.3.100.v20260613-0559\eclipse_11924.dll
Event: 6.323 Loaded shared library C:\Users\DELL\AppData\Local\Temp\jna-2094529\jna16305896990226708318.dll

Deoptimization events (20 events):
Event: 8.446 Thread 0x00000149db5e66d0 Uncommon trap: trap_request=0xffffffde fr.pc=0x000001498c2d17b8 relative=0x00000000000000f8
Event: 8.446 Thread 0x00000149db5e66d0 Uncommon trap: reason=class_check action=maybe_recompile pc=0x000001498c2d17b8 method=java.lang.Character.codePointAt(Ljava/lang/CharSequence;I)I @ 2 c2
Event: 8.446 Thread 0x00000149db5e66d0 DEOPT PACKING pc=0x000001498c2d17b8 sp=0x000000390f8fe8b0
Event: 8.446 Thread 0x00000149db5e66d0 DEOPT UNPACKING pc=0x000001498bbd3aa2 sp=0x000000390f8fe838 mode 2
Event: 8.446 Thread 0x00000149db5e66d0 Uncommon trap: trap_request=0xffffffde fr.pc=0x000001498c2d17b8 relative=0x00000000000000f8
Event: 8.446 Thread 0x00000149db5e66d0 Uncommon trap: reason=class_check action=maybe_recompile pc=0x000001498c2d17b8 method=java.lang.Character.codePointAt(Ljava/lang/CharSequence;I)I @ 2 c2
Event: 8.446 Thread 0x00000149db5e66d0 DEOPT PACKING pc=0x000001498c2d17b8 sp=0x000000390f8fe8b0
Event: 8.446 Thread 0x00000149db5e66d0 DEOPT UNPACKING pc=0x000001498bbd3aa2 sp=0x000000390f8fe838 mode 2
Event: 8.446 Thread 0x00000149db5e66d0 Uncommon trap: trap_request=0xffffffde fr.pc=0x000001498c2d17b8 relative=0x00000000000000f8
Event: 8.446 Thread 0x00000149db5e66d0 Uncommon trap: reason=class_check action=maybe_recompile pc=0x000001498c2d17b8 method=java.lang.Character.codePointAt(Ljava/lang/CharSequence;I)I @ 2 c2
Event: 8.446 Thread 0x00000149db5e66d0 DEOPT PACKING pc=0x000001498c2d17b8 sp=0x000000390f8fe8b0
Event: 8.446 Thread 0x00000149db5e66d0 DEOPT UNPACKING pc=0x000001498bbd3aa2 sp=0x000000390f8fe838 mode 2
Event: 8.446 Thread 0x00000149db5e66d0 Uncommon trap: trap_request=0xffffff76 fr.pc=0x000001498c2b2100 relative=0x0000000000000380
Event: 8.446 Thread 0x00000149db5e66d0 Uncommon trap: reason=predicate action=maybe_recompile pc=0x000001498c2b2100 method=java.util.regex.Pattern$BmpCharPropertyGreedy.match(Ljava/util/regex/Matcher;ILjava/lang/CharSequence;)Z @ 12 c2
Event: 8.446 Thread 0x00000149db5e66d0 DEOPT PACKING pc=0x000001498c2b2100 sp=0x000000390f8fe7f0
Event: 8.446 Thread 0x00000149db5e66d0 DEOPT UNPACKING pc=0x000001498bbd3aa2 sp=0x000000390f8fe798 mode 2
Event: 8.464 Thread 0x00000149db5e66d0 Uncommon trap: trap_request=0xffffff45 fr.pc=0x000001498c1a2fec relative=0x000000000000020c
Event: 8.464 Thread 0x00000149db5e66d0 Uncommon trap: reason=unstable_if action=reinterpret pc=0x000001498c1a2fec method=java.io.BufferedInputStream.read1([BII)I @ 34 c2
Event: 8.464 Thread 0x00000149db5e66d0 DEOPT PACKING pc=0x000001498c1a2fec sp=0x000000390f8fe440
Event: 8.464 Thread 0x00000149db5e66d0 DEOPT UNPACKING pc=0x000001498bbd3aa2 sp=0x000000390f8fe3d8 mode 2

Classes loaded (20 events):
Event: 8.457 Loading class sun/nio/ch/ChannelInputStream done
Event: 8.458 Loading class sun/nio/ch/IOStatus
Event: 8.458 Loading class sun/nio/ch/IOStatus done
Event: 8.458 Loading class sun/nio/ch/Util
Event: 8.458 Loading class sun/nio/ch/Util done
Event: 8.459 Loading class sun/nio/ch/Util$1
Event: 8.459 Loading class sun/nio/ch/Util$1 done
Event: 8.459 Loading class sun/nio/ch/Util$BufferCache
Event: 8.459 Loading class sun/nio/ch/Util$BufferCache done
Event: 8.459 Loading class java/nio/DirectByteBuffer$Deallocator
Event: 8.459 Loading class java/nio/DirectByteBuffer$Deallocator done
Event: 8.462 Loading class com/sun/org/apache/xerces/internal/dom/DeferredDocumentImpl
Event: 8.463 Loading class com/sun/org/apache/xerces/internal/dom/DeferredNode
Event: 8.464 Loading class com/sun/org/apache/xerces/internal/dom/DeferredNode done
Event: 8.464 Loading class com/sun/org/apache/xerces/internal/dom/DocumentImpl
Event: 8.465 Loading class org/w3c/dom/traversal/DocumentTraversal
Event: 8.465 Loading class org/w3c/dom/traversal/DocumentTraversal done
Event: 8.465 Loading class org/w3c/dom/events/DocumentEvent
Event: 8.466 Loading class org/w3c/dom/events/DocumentEvent done
Event: 8.466 Loading class org/w3c/dom/ranges/DocumentRange

Classes unloaded (7 events):
Event: 7.367 Thread 0x000001498150e870 Unloading class 0x00000149991a9400 'java/lang/invoke/LambdaForm$MH+0x00000149991a9400'
Event: 7.368 Thread 0x000001498150e870 Unloading class 0x00000149991a9000 'java/lang/invoke/LambdaForm$MH+0x00000149991a9000'
Event: 7.368 Thread 0x000001498150e870 Unloading class 0x00000149991a8c00 'java/lang/invoke/LambdaForm$MH+0x00000149991a8c00'
Event: 7.368 Thread 0x000001498150e870 Unloading class 0x00000149991a8800 'java/lang/invoke/LambdaForm$MH+0x00000149991a8800'
Event: 7.368 Thread 0x000001498150e870 Unloading class 0x00000149991a8400 'java/lang/invoke/LambdaForm$BMH+0x00000149991a8400'
Event: 7.368 Thread 0x000001498150e870 Unloading class 0x00000149991a8000 'java/lang/invoke/LambdaForm$DMH+0x00000149991a8000'
Event: 7.368 Thread 0x000001498150e870 Unloading class 0x00000149991a6c00 'java/lang/invoke/LambdaForm$DMH+0x00000149991a6c00'

Classes redefined (0 events):
No events

Internal exceptions (20 events):
Event: 7.269 Thread 0x00000149e00a69c0 Exception <a 'java/lang/NoSuchMethodError'{0x00000000d64553f8}: 'long java.lang.invoke.Invokers$Holder.invokeExact_MT(java.lang.Object, java.lang.Object)'> (0x00000000d64553f8) 
thrown [s\src\hotspot\share\interpreter\linkResolver.cpp, line 773]
Event: 7.430 Thread 0x00000149e00a69c0 Exception <a 'java/lang/NoSuchMethodError'{0x00000000d56e8658}: 'double java.lang.invoke.DirectMethodHandle$Holder.invokeStatic(java.lang.Object, java.lang.Object)'> (0x00000000d56e8658) 
thrown [s\src\hotspot\share\interpreter\linkResolver.cpp, line 773]
Event: 7.431 Thread 0x00000149e00a69c0 Exception <a 'java/lang/NoSuchMethodError'{0x00000000d56ebce8}: 'double java.lang.invoke.DirectMethodHandle$Holder.invokeStaticInit(java.lang.Object, java.lang.Object)'> (0x00000000d56ebce8) 
thrown [s\src\hotspot\share\interpreter\linkResolver.cpp, line 773]
Event: 7.899 Thread 0x00000149e00a69c0 Implicit null exception at 0x000001498c2d2975 to 0x000001498c2d2a50
Event: 8.110 Thread 0x00000149e00a69c0 Exception <a 'java/io/FileNotFoundException'{0x00000000d5ca6020}> (0x00000000d5ca6020) 
thrown [s\src\hotspot\share\prims\jni.cpp, line 520]
Event: 8.110 Thread 0x00000149e00a69c0 Exception <a 'java/io/FileNotFoundException'{0x00000000d5ca7010}> (0x00000000d5ca7010) 
thrown [s\src\hotspot\share\prims\jni.cpp, line 520]
Event: 8.351 Thread 0x00000149db5e66d0 Exception <a 'java/lang/NoSuchMethodError'{0x00000000d62dee68}: 'java.lang.Object java.lang.invoke.DirectMethodHandle$Holder.invokeStaticInit(java.lang.Object, java.lang.Object, java.lang.Object, java.lang.Object, java.lang.Object, java.lang.Object, java.lang.Object)'> (0x00000000d62dee68) 
thrown [s\src\hotspot\share\interpreter\linkResolver.cpp, line 773]
Event: 8.357 Thread 0x00000149db5e66d0 Exception <a 'java/lang/NoSuchMethodError'{0x00000000d63564f8}: 'java.lang.Object java.lang.invoke.Invokers$Holder.invoke_MT(java.lang.Object, java.lang.Object, java.lang.Object, java.lang.Object, java.lang.Object, java.lang.Object, java.lang.Object, java.lang.Object, java.lang.Object)'> (0x00000000d63564f8) 
thrown [s\src\hotspot\share\interpreter\linkResolver.cpp, line 773]
Event: 8.372 Thread 0x00000149db5e6d60 Exception <a 'java/lang/NoSuchMethodError'{0x00000000d63b7678}: 'int java.lang.invoke.DirectMethodHandle$Holder.invokeVirtual(java.lang.Object, java.lang.Object, java.lang.Object)'> (0x00000000d63b7678) 
thrown [s\src\hotspot\share\interpreter\linkResolver.cpp, line 773]
Event: 8.375 Thread 0x00000149db5e6d60 Exception <a 'java/lang/NoSuchMethodError'{0x00000000d63bb340}: 'int java.lang.invoke.DirectMethodHandle$Holder.invokeStaticInit(java.lang.Object, int, int)'> (0x00000000d63bb340) 
thrown [s\src\hotspot\share\interpreter\linkResolver.cpp, line 773]
Event: 8.376 Thread 0x00000149db5e6d60 Exception <a 'java/lang/NoSuchMethodError'{0x00000000d63c2890}: 'int java.lang.invoke.DirectMethodHandle$Holder.invokeStaticInit(java.lang.Object, long, long)'> (0x00000000d63c2890) 
thrown [s\src\hotspot\share\interpreter\linkResolver.cpp, line 773]
Event: 8.377 Thread 0x00000149db5e6d60 Exception <a 'java/lang/NoSuchMethodError'{0x00000000d63c91e8}: 'int java.lang.invoke.DirectMethodHandle$Holder.invokeStaticInit(java.lang.Object, float, float)'> (0x00000000d63c91e8) 
thrown [s\src\hotspot\share\interpreter\linkResolver.cpp, line 773]
Event: 8.378 Thread 0x00000149db5e6d60 Exception <a 'java/lang/NoSuchMethodError'{0x00000000d63cfb70}: 'int java.lang.invoke.DirectMethodHandle$Holder.invokeStaticInit(java.lang.Object, double, double)'> (0x00000000d63cfb70) 
thrown [s\src\hotspot\share\interpreter\linkResolver.cpp, line 773]
Event: 8.379 Thread 0x00000149db5e6d60 Exception <a 'java/lang/NoSuchMethodError'{0x00000000d63d3f10}: 'int java.lang.invoke.DirectMethodHandle$Holder.invokeStatic(java.lang.Object, long)'> (0x00000000d63d3f10) 
thrown [s\src\hotspot\share\interpreter\linkResolver.cpp, line 773]
Event: 8.391 Thread 0x00000149db5e66d0 Exception <a 'java/lang/NoSuchMethodError'{0x00000000d648eed8}: 'int java.lang.invoke.Invokers$Holder.linkToTargetMethod(java.lang.Object, java.lang.Object)'> (0x00000000d648eed8) 
thrown [s\src\hotspot\share\interpreter\linkResolver.cpp, line 773]
Event: 8.392 Thread 0x00000149db5e6d60 Exception <a 'java/lang/NoSuchMethodError'{0x00000000d6503bb8}: 'int java.lang.invoke.Invokers$Holder.linkToTargetMethod(java.lang.Object, java.lang.Object)'> (0x00000000d6503bb8) 
thrown [s\src\hotspot\share\interpreter\linkResolver.cpp, line 773]
Event: 8.395 Thread 0x00000149db5e6d60 Exception <a 'java/lang/NoSuchMethodError'{0x00000000d65116f8}: 'int java.lang.invoke.DirectMethodHandle$Holder.invokeSpecial(java.lang.Object, java.lang.Object, java.lang.Object, java.lang.Object)'> (0x00000000d65116f8) 
thrown [s\src\hotspot\share\interpreter\linkResolver.cpp, line 773]
Event: 8.401 Thread 0x00000149db5e6d60 Exception <a 'java/lang/NoSuchMethodError'{0x00000000d652e4b0}: 'java.lang.Object java.lang.invoke.DirectMethodHandle$Holder.invokeStatic(java.lang.Object, int, java.lang.Object, java.lang.Object)'> (0x00000000d652e4b0) 
thrown [s\src\hotspot\share\interpreter\linkResolver.cpp, line 773]
Event: 8.402 Thread 0x00000149db5e6d60 Exception <a 'java/lang/NoSuchMethodError'{0x00000000d6531cb0}: 'java.lang.Object java.lang.invoke.DelegatingMethodHandle$Holder.delegate(java.lang.Object, int, java.lang.Object, java.lang.Object)'> (0x00000000d6531cb0) 
thrown [s\src\hotspot\share\interpreter\linkResolver.cpp, line 773]
Event: 8.414 Thread 0x00000149db5e6d60 Exception <a 'java/lang/NoSuchMethodError'{0x00000000d6564260}: 'int java.lang.invoke.Invokers$Holder.linkToTargetMethod(java.lang.Object, java.lang.Object, java.lang.Object)'> (0x00000000d6564260) 
thrown [s\src\hotspot\share\interpreter\linkResolver.cpp, line 773]

ZGC Phase Switch (0 events):
No events

VM Operations (20 events):
Event: 6.344 Executing non-safepoint VM operation: HandshakeAllThreads (Deoptimize)
Event: 6.344 Executing non-safepoint VM operation: HandshakeAllThreads (Deoptimize) done
Event: 6.683 Executing non-safepoint VM operation: HandshakeAllThreads (Deoptimize)
Event: 6.683 Executing non-safepoint VM operation: HandshakeAllThreads (Deoptimize) done
Event: 6.750 Executing non-safepoint VM operation: HandshakeAllThreads (Deoptimize)
Event: 6.750 Executing non-safepoint VM operation: HandshakeAllThreads (Deoptimize) done
Event: 6.759 Executing non-safepoint VM operation: HandshakeAllThreads (Deoptimize)
Event: 6.759 Executing non-safepoint VM operation: HandshakeAllThreads (Deoptimize) done
Event: 6.859 Executing safepoint VM operation: ICBufferFull
Event: 6.860 Executing safepoint VM operation: ICBufferFull done
Event: 6.985 Executing safepoint VM operation: ParallelGCFailedAllocation (Allocation Failure)
Event: 6.993 Executing safepoint VM operation: ParallelGCFailedAllocation (Allocation Failure) done
Event: 7.354 Executing safepoint VM operation: CollectForMetadataAllocation (Metadata GC Threshold)
Event: 7.404 Executing safepoint VM operation: CollectForMetadataAllocation (Metadata GC Threshold) done
Event: 7.690 Executing safepoint VM operation: ParallelGCFailedAllocation (Allocation Failure)
Event: 7.692 Executing safepoint VM operation: ParallelGCFailedAllocation (Allocation Failure) done
Event: 8.098 Executing safepoint VM operation: ParallelGCFailedAllocation (Allocation Failure)
Event: 8.100 Executing safepoint VM operation: ParallelGCFailedAllocation (Allocation Failure) done
Event: 8.412 Executing non-safepoint VM operation: HandshakeAllThreads (Deoptimize)
Event: 8.412 Executing non-safepoint VM operation: HandshakeAllThreads (Deoptimize) done

Memory protections (0 events):
No events

Nmethod flushes (0 events):
No events

Events (20 events):
Event: 2.353 Thread 0x00000149db1c2630 Thread exited: 0x00000149db1c2630
Event: 2.561 Thread 0x00000149db031e80 Thread added: 0x00000149e026c070
Event: 2.566 Thread 0x00000149db031e80 Thread added: 0x00000149e026c740
Event: 2.892 Thread 0x00000149e00a69c0 Thread added: 0x00000149e083d990
Event: 3.221 Thread 0x00000149e026c740 Thread exited: 0x00000149e026c740
Event: 3.221 Thread 0x00000149e026c070 Thread exited: 0x00000149e026c070
Event: 4.976 Thread 0x00000149e00a69c0 Thread added: 0x00000149e06af540
Event: 5.225 Thread 0x00000149db031e80 Thread added: 0x00000149db1c33d0
Event: 5.225 Thread 0x00000149db031e80 Thread added: 0x00000149db1c1890
Event: 5.593 Thread 0x00000149e00a69c0 Thread added: 0x00000149e059a9f0
Event: 5.748 Thread 0x00000149db1c33d0 Thread exited: 0x00000149db1c33d0
Event: 5.748 Thread 0x00000149db1c1890 Thread exited: 0x00000149db1c1890
Event: 6.389 Thread 0x00000149e00a69c0 Thread added: 0x00000149db5e4600
Event: 6.485 Thread 0x00000149e00a69c0 Thread added: 0x00000149db5e6d60
Event: 6.527 Thread 0x00000149e00a69c0 Thread added: 0x00000149db5e66d0
Event: 6.704 Thread 0x00000149db031e80 Thread added: 0x00000149e0568940
Event: 7.573 Thread 0x00000149e0568940 Thread added: 0x00000149e056a480
Event: 7.854 Thread 0x00000149e056a480 Thread exited: 0x00000149e056a480
Event: 8.362 Thread 0x00000149db5e6d60 Thread added: 0x00000149db5e5320
Event: 8.441 Thread 0x00000149db031e80 Thread added: 0x00000149e0566e00


Dynamic libraries:
0x00007ff6efb80000 - 0x00007ff6efb8e000 	c:\Users\DELL\.vscode\extensions\redhat.java-1.55.0-win32-x64\jre\21.0.11-win32-x86_64\bin\java.exe
0x00007fff610c0000 - 0x00007fff61326000 	C:\WINDOWS\SYSTEM32\ntdll.dll
0x00007fff5f5d0000 - 0x00007fff5f699000 	C:\WINDOWS\System32\KERNEL32.DLL
0x00007fff5e5d0000 - 0x00007fff5e9d0000 	C:\WINDOWS\System32\KERNELBASE.dll
0x00007fff482a0000 - 0x00007fff482b8000 	c:\Users\DELL\.vscode\extensions\redhat.java-1.55.0-win32-x64\jre\21.0.11-win32-x86_64\bin\jli.dll
0x00007fff40de0000 - 0x00007fff40dfe000 	c:\Users\DELL\.vscode\extensions\redhat.java-1.55.0-win32-x64\jre\21.0.11-win32-x86_64\bin\VCRUNTIME140.dll
0x00007fff60eb0000 - 0x00007fff61077000 	C:\WINDOWS\System32\USER32.dll
0x00007fff5eb40000 - 0x00007fff5eb67000 	C:\WINDOWS\System32\win32u.dll
0x00007fff3e460000 - 0x00007fff3e6f2000 	C:\WINDOWS\WinSxS\amd64_microsoft.windows.common-controls_6595b64144ccf1df_6.0.26100.8737_none_3e092eaee333b772\COMCTL32.dll
0x00007fff5eea0000 - 0x00007fff5eecb000 	C:\WINDOWS\System32\GDI32.dll
0x00007fff60bb0000 - 0x00007fff60c59000 	C:\WINDOWS\System32\msvcrt.dll
0x00007fff5eb70000 - 0x00007fff5ec99000 	C:\WINDOWS\System32\gdi32full.dll
0x00007fff5e520000 - 0x00007fff5e5c3000 	C:\WINDOWS\System32\msvcp_win.dll
0x00007fff5e9e0000 - 0x00007fff5eb2c000 	C:\WINDOWS\System32\ucrtbase.dll
0x00007fff5f6a0000 - 0x00007fff5f6d2000 	C:\WINDOWS\System32\IMM32.DLL
0x00007fff48580000 - 0x00007fff4858c000 	c:\Users\DELL\.vscode\extensions\redhat.java-1.55.0-win32-x64\jre\21.0.11-win32-x86_64\bin\vcruntime140_1.dll
0x00007fff13000000 - 0x00007fff1308d000 	c:\Users\DELL\.vscode\extensions\redhat.java-1.55.0-win32-x64\jre\21.0.11-win32-x86_64\bin\msvcp140.dll
0x00007ffe94600000 - 0x00007ffe953a2000 	c:\Users\DELL\.vscode\extensions\redhat.java-1.55.0-win32-x64\jre\21.0.11-win32-x86_64\bin\server\jvm.dll
0x00007fff5f6e0000 - 0x00007fff5f797000 	C:\WINDOWS\System32\ADVAPI32.dll
0x00007fff5edf0000 - 0x00007fff5ee9a000 	C:\WINDOWS\System32\sechost.dll
0x00007fff60a90000 - 0x00007fff60ba8000 	C:\WINDOWS\System32\RPCRT4.dll
0x00007fff5ff00000 - 0x00007fff5ff80000 	C:\WINDOWS\System32\WS2_32.dll
0x00007fff5e160000 - 0x00007fff5e1be000 	C:\WINDOWS\SYSTEM32\POWRPROF.dll
0x00007fff53c80000 - 0x00007fff53cb6000 	C:\WINDOWS\SYSTEM32\WINMM.dll
0x00007fff473f0000 - 0x00007fff473fb000 	C:\WINDOWS\SYSTEM32\VERSION.dll
0x00007fff5e140000 - 0x00007fff5e154000 	C:\WINDOWS\SYSTEM32\UMPDC.dll
0x00007fff5cfc0000 - 0x00007fff5cfdb000 	C:\WINDOWS\SYSTEM32\kernel.appcore.dll
0x00007fff53470000 - 0x00007fff5347a000 	c:\Users\DELL\.vscode\extensions\redhat.java-1.55.0-win32-x64\jre\21.0.11-win32-x86_64\bin\jimage.dll
0x00007fff5ba30000 - 0x00007fff5bc72000 	C:\WINDOWS\SYSTEM32\DBGHELP.DLL
0x00007fff5fb70000 - 0x00007fff5fef3000 	C:\WINDOWS\System32\combase.dll
0x00007fff60090000 - 0x00007fff60169000 	C:\WINDOWS\System32\OLEAUT32.dll
0x00007fff4a160000 - 0x00007fff4a19b000 	C:\WINDOWS\SYSTEM32\dbgcore.DLL
0x00007fff5e460000 - 0x00007fff5e50c000 	C:\WINDOWS\System32\bcryptPrimitives.dll
0x00007fff48550000 - 0x00007fff4855f000 	c:\Users\DELL\.vscode\extensions\redhat.java-1.55.0-win32-x64\jre\21.0.11-win32-x86_64\bin\instrument.dll
0x00007fff40f90000 - 0x00007fff40fb0000 	c:\Users\DELL\.vscode\extensions\redhat.java-1.55.0-win32-x64\jre\21.0.11-win32-x86_64\bin\java.dll
0x00007fff60290000 - 0x00007fff60a22000 	C:\WINDOWS\System32\SHELL32.dll
0x00007fff5bd50000 - 0x00007fff5c5e2000 	C:\WINDOWS\SYSTEM32\windows.storage.dll
0x00007fff60180000 - 0x00007fff60277000 	C:\WINDOWS\System32\SHCORE.dll
0x00007fff5f510000 - 0x00007fff5f577000 	C:\WINDOWS\System32\shlwapi.dll
0x00007fff5e200000 - 0x00007fff5e229000 	C:\WINDOWS\SYSTEM32\profapi.dll
0x00007fff40bc0000 - 0x00007fff40bd8000 	c:\Users\DELL\.vscode\extensions\redhat.java-1.55.0-win32-x64\jre\21.0.11-win32-x86_64\bin\zip.dll
0x00007fff41ff0000 - 0x00007fff42000000 	C:\Users\DELL\.vscode\extensions\redhat.java-1.55.0-win32-x64\jre\21.0.11-win32-x86_64\bin\net.dll
0x00007fff535a0000 - 0x00007fff536c9000 	C:\WINDOWS\SYSTEM32\WINHTTP.dll
0x00007fff5d570000 - 0x00007fff5d5dc000 	C:\WINDOWS\system32\mswsock.dll
0x00007fff40a70000 - 0x00007fff40a86000 	C:\Users\DELL\.vscode\extensions\redhat.java-1.55.0-win32-x64\jre\21.0.11-win32-x86_64\bin\nio.dll
0x00007fff40420000 - 0x00007fff40430000 	c:\Users\DELL\.vscode\extensions\redhat.java-1.55.0-win32-x64\jre\21.0.11-win32-x86_64\bin\verify.dll
0x00007fff23a40000 - 0x00007fff23a85000 	C:\Users\DELL\AppData\Roaming\Code\User\globalStorage\redhat.java\1.55.0\config_win\org.eclipse.equinox.launcher\org.eclipse.equinox.launcher.win32.win32.x86_64_1.3.100.v20260613-0559\eclipse_11924.dll
0x00007fff5eee0000 - 0x00007fff5f079000 	C:\WINDOWS\System32\ole32.dll
0x00007fff5d890000 - 0x00007fff5d8ab000 	C:\WINDOWS\SYSTEM32\CRYPTSP.dll
0x00007fff5cf20000 - 0x00007fff5cf59000 	C:\WINDOWS\system32\rsaenh.dll
0x00007fff5d630000 - 0x00007fff5d662000 	C:\WINDOWS\SYSTEM32\USERENV.dll
0x00007fff5e1d0000 - 0x00007fff5e1fa000 	C:\WINDOWS\SYSTEM32\bcrypt.dll
0x00007fff5d870000 - 0x00007fff5d87c000 	C:\WINDOWS\SYSTEM32\CRYPTBASE.dll
0x00007fff5c940000 - 0x00007fff5c973000 	C:\WINDOWS\SYSTEM32\IPHLPAPI.DLL
0x00007fff5eed0000 - 0x00007fff5eeda000 	C:\WINDOWS\System32\NSI.dll
0x00007fff14db0000 - 0x00007fff14df9000 	C:\Users\DELL\AppData\Local\Temp\jna-2094529\jna16305896990226708318.dll
0x00007fff60280000 - 0x00007fff60288000 	C:\WINDOWS\System32\PSAPI.DLL

JVMTI agents:
c:\Users\DELL\.vscode\extensions\redhat.java-1.55.0-win32-x64\lombok\lombok-1.18.39-4050.jar path:c:\Users\DELL\.vscode\extensions\redhat.java-1.55.0-win32-x64\jre\21.0.11-win32-x86_64\bin\instrument.dll, loaded, initialized, instrumentlib options:none

dbghelp: loaded successfully - version: 4.0.5 - missing functions: none
symbol engine: initialized successfully - sym options: 0x614 - pdb path: .;c:\Users\DELL\.vscode\extensions\redhat.java-1.55.0-win32-x64\jre\21.0.11-win32-x86_64\bin;C:\WINDOWS\SYSTEM32;C:\WINDOWS\WinSxS\amd64_microsoft.windows.common-controls_6595b64144ccf1df_6.0.26100.8737_none_3e092eaee333b772;c:\Users\DELL\.vscode\extensions\redhat.java-1.55.0-win32-x64\jre\21.0.11-win32-x86_64\bin\server;C:\Users\DELL\AppData\Roaming\Code\User\globalStorage\redhat.java\1.55.0\config_win\org.eclipse.equinox.launcher\org.eclipse.equinox.launcher.win32.win32.x86_64_1.3.100.v20260613-0559;C:\Users\DELL\AppData\Local\Temp\jna-2094529

VM Arguments:
jvm_args: --add-modules=ALL-SYSTEM --add-opens=java.base/java.util=ALL-UNNAMED --add-opens=java.base/java.lang=ALL-UNNAMED --add-opens=java.base/sun.nio.fs=ALL-UNNAMED -Declipse.application=org.eclipse.jdt.ls.core.id1 -Dosgi.bundles.defaultStartLevel=4 -Declipse.product=org.eclipse.jdt.ls.core.product -Djava.import.generatesMetadataFilesAtProjectRoot=false -DDetectVMInstallationsJob.disabled=true -Dfile.encoding=utf8 -XX:+UseParallelGC -XX:GCTimeRatio=4 -XX:AdaptiveSizePolicyWeight=90 -Dsun.zip.disableMemoryMapping=true -Xmx2G -Xms100m -Xlog:disable -javaagent:c:\Users\DELL\.vscode\extensions\redhat.java-1.55.0-win32-x64\lombok\lombok-1.18.39-4050.jar -XX:+HeapDumpOnOutOfMemoryError -XX:HeapDumpPath=c:\Users\DELL\AppData\Roaming\Code\User\workspaceStorage\45e26d7a3be2778aea4a26fad21d1b4c\redhat.java -Daether.dependencyCollector.impl=bf 
java_command: c:\Users\DELL\.vscode\extensions\redhat.java-1.55.0-win32-x64\server\plugins\org.eclipse.equinox.launcher_1.7.200.v20260619-2039.jar -configuration c:\Users\DELL\AppData\Roaming\Code\User\globalStorage\redhat.java\1.55.0\config_win -data c:\Users\DELL\AppData\Roaming\Code\User\workspaceStorage\45e26d7a3be2778aea4a26fad21d1b4c\redhat.java\jdt_ws --pipe=\\.\pipe\lsp-bac2e83a908a0173a5e5c21ba2298c1e-sock
java_class_path (initial): c:\Users\DELL\.vscode\extensions\redhat.java-1.55.0-win32-x64\server\plugins\org.eclipse.equinox.launcher_1.7.200.v20260619-2039.jar
Launcher Type: SUN_STANDARD

[Global flags]
    uintx AdaptiveSizePolicyWeight                 = 90                                        {product} {command line}
     intx CICompilerCount                          = 4                                         {product} {ergonomic}
    uintx GCTimeRatio                              = 4                                         {product} {command line}
     bool HeapDumpOnOutOfMemoryError               = true                                   {manageable} {command line}
    ccstr HeapDumpPath                             = c:\Users\DELL\AppData\Roaming\Code\User\workspaceStorage\45e26d7a3be2778aea4a26fad21d1b4c\redhat.java         {manageable} {command line}
   size_t InitialHeapSize                          = 104857600                                 {product} {command line}
   size_t MaxHeapSize                              = 2147483648                                {product} {command line}
   size_t MaxNewSize                               = 715653120                                 {product} {ergonomic}
   size_t MinHeapDeltaBytes                        = 524288                                    {product} {ergonomic}
   size_t MinHeapSize                              = 104857600                                 {product} {command line}
   size_t NewSize                                  = 34603008                                  {product} {ergonomic}
    uintx NonNMethodCodeHeapSize                   = 5839372                                {pd product} {ergonomic}
    uintx NonProfiledCodeHeapSize                  = 122909434                              {pd product} {ergonomic}
   size_t OldSize                                  = 70254592                                  {product} {ergonomic}
    uintx ProfiledCodeHeapSize                     = 122909434                              {pd product} {ergonomic}
    uintx ReservedCodeCacheSize                    = 251658240                              {pd product} {ergonomic}
     bool SegmentedCodeCache                       = true                                      {product} {ergonomic}
   size_t SoftMaxHeapSize                          = 2147483648                             {manageable} {ergonomic}
     bool UseCompressedOops                        = true                           {product lp64_product} {ergonomic}
     bool UseLargePagesIndividualAllocation        = false                                  {pd product} {ergonomic}
     bool UseParallelGC                            = true                                      {product} {command line}

Logging:
Log output configuration:
 #0: stdout all=off uptime,level,tags foldmultilines=false
 #1: stderr all=off uptime,level,tags foldmultilines=false

Release file:
JAVA_VERSION="21.0.11" 
MODULES="java.base java.compiler java.datatransfer java.xml java.prefs java.desktop java.instrument java.logging java.management java.security.sasl java.naming java.rmi java.management.rmi java.net.http java.scripting java.security.jgss java.transaction.xa java.sql java.sql.rowset java.xml.crypto java.se java.smartcardio jdk.accessibility jdk.internal.jvmstat jdk.attach jdk.charsets jdk.internal.opt jdk.zipfs jdk.compiler jdk.crypto.ec jdk.crypto.cryptoki jdk.crypto.mscapi jdk.dynalink jdk.internal.ed jdk.editpad jdk.hotspot.agent jdk.httpserver jdk.internal.le jdk.internal.vm.ci jdk.internal.vm.compiler jdk.internal.vm.compiler.management jdk.jartool jdk.javadoc jdk.jcmd jdk.management jdk.management.agent jdk.jconsole jdk.jdeps jdk.jdwp.agent jdk.jdi jdk.jfr jdk.jshell jdk.jsobject jdk.jstatd jdk.localedata jdk.management.jfr jdk.naming.dns jdk.naming.rmi jdk.net jdk.nio.mapmode jdk.random jdk.sctp jdk.security.auth jdk.security.jgss jdk.unsupported jdk.unsupported.desktop jdk.xml.dom" 

Environment Variables:
JAVA_HOME=C:\Program Files\Java\jdk-21
PATH=C:\Program Files\Common Files\Oracle\Java\javapath;C:\WINDOWS\system32;C:\WINDOWS;C:\WINDOWS\System32\Wbem;C:\WINDOWS\System32\WindowsPowerShell\v1.0\;C:\WINDOWS\System32\OpenSSH\;C:\Program Files\dotnet\;C:\Program Files\nodejs\;C:\Program Files\Java\jdk-21\bin;C:\Program Files\MongoDB\Server\8.0\bin;C:\Program Files\Git\cmd;C:\Program Files\MySQL\MySQL Shell 8.0\bin\;C:\Users\DELL\AppData\Local\Microsoft\WindowsApps;C:\Users\DELL\AppData\Roaming\npm;C:\Program Files\JetBrains\IntelliJ IDEA 2025.1.1.1\bin;C:\Program Files\JetBrains\IntelliJ IDEA Community Edition 2025.1.1.1\bin;C:\Program Files\mongosh\;c:\Users\DELL\AppData\Local\Programs\Microsoft VS Code\bin;C:\windows-amd64;C:\Users\DELL\AppData\Local\Programs\Python\Python311\Scripts\;C:\Users\DELL\AppData\Local\Programs\Python\Python311\;C:\Users\DELL\AppData\Local\Programs\Python\Launcher\;C:\Users\DELL\AppData\Local\Microsoft\WindowsApps;C:\Users\DELL\AppData\Local\Programs\Microsoft VS Code\bin;C:\Users\DELL\AppData\Roaming\npm;C:\Program Files\JetBrains\IntelliJ IDEA 2025.1.1.1\bin;;C:\Program Files\JetBrains\IntelliJ IDEA Community Edition 2025.1.1.1\bin;;C:\Program Files\mongosh\;C:\Users\DELL\AppData\Local\JetBrains\PyCharm 2025.1.3.1\bin;;D:\Users\DELL\AppData\Local\Programs\Antigravity\bin;C:\Users\DELL\AppData\Local\Python\bin;D:\Antigravity IDE\bin
USERNAME=DELL
OS=Windows_NT
PROCESSOR_IDENTIFIER=Intel64 Family 6 Model 154 Stepping 4, GenuineIntel
TMP=C:\Users\DELL\AppData\Local\Temp
TEMP=C:\Users\DELL\AppData\Local\Temp




Periodic native trim disabled

---------------  S Y S T E M  ---------------

OS:
 Windows 11 , 64 bit Build 26100 (10.0.26100.8737)
OS uptime: 1 days 0:57 hours
Hyper-V role detected

CPU: total 12 (initial active 12) (6 cores per cpu, 2 threads per core) family 6 model 154 stepping 4 microcode 0x43b, cx8, cmov, fxsr, ht, mmx, 3dnowpref, sse, sse2, sse3, ssse3, sse4.1, sse4.2, popcnt, lzcnt, tsc, tscinvbit, avx, avx2, aes, erms, clmul, bmi1, bmi2, adx, sha, fma, vzeroupper, clflush, clflushopt, clwb, hv, serialize, rdtscp, rdpid, fsrm, f16c, cet_ibt, cet_ss
Processor Information for the first 12 processors :
  Max Mhz: 1300, Current Mhz: 1300, Mhz Limit: 1300

Memory: 4k page, system-wide physical 16068M (2208M free)
TotalPageFile size 24211M (AvailPageFile size 9M)
current process WorkingSet (physical memory assigned to process): 170M, peak: 170M
current process commit charge ("private bytes"): 304M, peak: 304M

vm_info: OpenJDK 64-Bit Server VM (21.0.11+10-LTS) for windows-amd64 JRE (21.0.11+10-LTS), built on 2026-04-21T00:00:00Z by "admin" with MS VC++ 17.12 (VS2022)

END.
